// Jest Snapshot v1, https://jestjs.io/docs/snapshot-testing

exports[`AssetList should match stable table snapshot 1`] = `
<table>
  <thead>
    <tr>
      <th>
        #
      </th>
      <th>
        Coin
      </th>
      <th>
        Price
      </th>
      <th>
        1h
      </th>
      <th>
        24h
      </th>
      <th>
        Volume
      </th>
      <th>
        Market Cap
      </th>
      <th>
        Last 7 Days
      </th>
    </tr>
  </thead>
  <tbody>
    <tr>
      <td>
        1
      </td>
      <td>
        <div
          class="flex items-center"
        >
          <span>
            Bitcoin
          </span>
          <span>
            btc
          </span>
        </div>
      </td>
      <td>
        $90,121.00
      </td>
      <td>
        +8.08%
      </td>
      <td>
        +28.15%
      </td>
      <td>
        42.1B
      </td>
      <td>
        1.8T
      </td>
      <td>
        +4.39%
      </td>
    </tr>
    <tr>
      <td>
        2
      </td>
      <td>
        <div
          class="flex items-center"
        >
          <span>
            Ethereum
          </span>
          <span>
            eth
          </span>
        </div>
      </td>
      <td>
        $3,106.02
      </td>
      <td>
        -6.27%
      </td>
      <td>
        +140.82%
      </td>
      <td>
        15.1B
      </td>
      <td>
        375.0B
      </td>
      <td>
        +161.64%
      </td>
    </tr>
    <tr>
      <td>
        3
      </td>
      <td>
        <div
          class="flex items-center"
        >
          <span>
            Tether
          </span>
          <span>
            usdt
          </span>
        </div>
      </td>
      <td>
        $1.00
      </td>
      <td>
        +0.06%
      </td>
      <td>
        -0.08%
      </td>
      <td>
        45.5B
      </td>
      <td>
        186.2B
      </td>
      <td>
        -0.53%
      </td>
    </tr>
    <tr>
      <td>
        4
      </td>
      <td>
        <div
          class="flex items-center"
        >
          <span>
            BNB
          </span>
          <span>
            bnb
          </span>
        </div>
      </td>
      <td>
        $901.68
      </td>
      <td>
        +34.24%
      </td>
      <td>
        +285.18%
      </td>
      <td>
        998.3M
      </td>
      <td>
        124.3B
      </td>
      <td>
        +106.81%
      </td>
    </tr>
    <tr>
      <td>
        5
      </td>
      <td>
        <div
          class="flex items-center"
        >
          <span>
            XRP
          </span>
          <span>
            xrp
          </span>
        </div>
      </td>
      <td>
        $2.03
      </td>
      <td>
        -25.31%
      </td>
      <td>
        +215.81%
      </td>
      <td>
        1.9B
      </td>
      <td>
        122.2B
      </td>
      <td>
        -73.82%
      </td>
    </tr>
  </tbody>
</table>
`;

exports[`AssetList stabilny snapshot tabeli 1`] = `
<table>
  <thead>
    <tr>
      <th>
        #
      </th>
      <th>
        Coin
      </th>
      <th>
        Price
      </th>
      <th>
        1h
      </th>
      <th>
        24h
      </th>
      <th>
        Volume
      </th>
      <th>
        Market Cap
      </th>
      <th>
        Last 7 Days
      </th>
    </tr>
  </thead>
  <tbody>
    <tr>
      <td>
        1
      </td>
      <td>
        <div
          class="flex items-center"
        >
          <span>
            Bitcoin
          </span>
          <span>
            btc
          </span>
        </div>
      </td>
      <td>
        $90,121.00
      </td>
      <td>
        +8.08%
      </td>
      <td>
        +28.15%
      </td>
      <td>
        42.1B
      </td>
      <td>
        1.8T
      </td>
      <td>
        +4.39%
      </td>
    </tr>
    <tr>
      <td>
        2
      </td>
      <td>
        <div
          class="flex items-center"
        >
          <span>
            Ethereum
          </span>
          <span>
            eth
          </span>
        </div>
      </td>
      <td>
        $3,106.02
      </td>
      <td>
        -6.27%
      </td>
      <td>
        +140.82%
      </td>
      <td>
        15.1B
      </td>
      <td>
        375.0B
      </td>
      <td>
        +161.64%
      </td>
    </tr>
    <tr>
      <td>
        3
      </td>
      <td>
        <div
          class="flex items-center"
        >
          <span>
            Tether
          </span>
          <span>
            usdt
          </span>
        </div>
      </td>
      <td>
        $1.00
      </td>
      <td>
        +0.06%
      </td>
      <td>
        -0.08%
      </td>
      <td>
        45.5B
      </td>
      <td>
        186.2B
      </td>
      <td>
        -0.53%
      </td>
    </tr>
    <tr>
      <td>
        4
      </td>
      <td>
        <div
          class="flex items-center"
        >
          <span>
            BNB
          </span>
          <span>
            bnb
          </span>
        </div>
      </td>
      <td>
        $901.68
      </td>
      <td>
        +34.24%
      </td>
      <td>
        +285.18%
      </td>
      <td>
        998.3M
      </td>
      <td>
        124.3B
      </td>
      <td>
        +106.81%
      </td>
    </tr>
    <tr>
      <td>
        5
      </td>
      <td>
        <div
          class="flex items-center"
        >
          <span>
            XRP
          </span>
          <span>
            xrp
          </span>
        </div>
      </td>
      <td>
        $2.03
      </td>
      <td>
        -25.31%
      </td>
      <td>
        +215.81%
      </td>
      <td>
        1.9B
      </td>
      <td>
        122.2B
      </td>
      <td>
        -73.82%
      </td>
    </tr>
  </tbody>
</table>
`;
